timestamp;loglevel;error_message